
> lanyard-cracha-app@1.0.0 dev
> vite --host 0.0.0.0 --port 5173


  [32m[1mVITE[22m v5.4.21[39m  [2mready in [0m[1m962[22m[2m[0m ms[22m

  [32m➜[39m  [1mLocal[22m:   [36mhttp://localhost:[1m5173[22m/[39m
  [32m➜[39m  [1mNetwork[22m: [36mhttp://26.52.216.68:[1m5173[22m/[39m
  [32m➜[39m  [1mNetwork[22m: [36mhttp://192.168.15.20:[1m5173[22m/[39m
[2m20:33:38[22m [36m[1m[vite][22m[39m [32mhmr update [39m[2m/src/pages/PortfolioLandingPage.tsx, /src/index.css[22m
[2m20:34:34[22m [36m[1m[vite][22m[39m [32mhmr update [39m[2m/src/pages/PortfolioLandingPage.tsx, /src/index.css[22m
[2m20:35:16[22m [36m[1m[vite][22m[39m [32mhmr update [39m[2m/src/pages/PortfolioLandingPage.tsx, /src/index.css[22m
[2m20:36:58[22m [36m[1m[vite][22m[39m [32mhmr update [39m[2m/src/pages/PortfolioLandingPage.tsx, /src/index.css[22m
[2m20:38:13[22m [36m[1m[vite][22m[39m [32mhmr update [39m[2m/src/pages/PortfolioLandingPage.tsx, /src/index.css[22m
[2m20:39:36[22m [36m[1m[vite][22m[39m [32mhmr update [39m[2m/src/pages/PortfolioLandingPage.tsx, /src/index.css[22m
[2m20:41:12[22m [36m[1m[vite][22m[39m [32mhmr update [39m[2m/src/pages/PortfolioLandingPage.tsx, /src/index.css[22m
[2m20:42:39[22m [36m[1m[vite][22m[39m [32mhmr update [39m[2m/src/pages/PortfolioLandingPage.tsx, /src/index.css[22m
[2m20:45:47[22m [36m[1m[vite][22m[39m [32mhmr update [39m[2m/src/pages/PortfolioLandingPage.tsx, /src/index.css[22m
[2m20:47:29[22m [36m[1m[vite][22m[39m [32mhmr update [39m[2m/src/pages/PortfolioLandingPage.tsx, /src/index.css[22m
[2m20:49:05[22m [36m[1m[vite][22m[39m [32mhmr update [39m[2m/src/pages/PortfolioLandingPage.tsx, /src/index.css[22m
[2m20:52:28[22m [36m[1m[vite][22m[39m [32mhmr update [39m[2m/src/pages/PortfolioLandingPage.tsx, /src/index.css[22m
[2m20:53:21[22m [36m[1m[vite][22m[39m [32mhmr update [39m[2m/src/pages/PortfolioLandingPage.tsx, /src/index.css[22m
[2m20:53:55[22m [36m[1m[vite][22m[39m [32mhmr update [39m[2m/src/pages/PortfolioLandingPage.tsx, /src/index.css[22m
[2m20:55:47[22m [36m[1m[vite][22m[39m [32mhmr update [39m[2m/src/pages/PortfolioLandingPage.tsx, /src/index.css[22m
[2m20:56:20[22m [36m[1m[vite][22m[39m [32mhmr update [39m[2m/src/pages/PortfolioLandingPage.tsx, /src/index.css[22m
[2m20:57:13[22m [36m[1m[vite][22m[39m [32mhmr update [39m[2m/src/pages/PortfolioLandingPage.tsx, /src/index.css[22m
[2m20:58:12[22m [36m[1m[vite][22m[39m [32mhmr update [39m[2m/src/pages/PortfolioLandingPage.tsx, /src/index.css[22m
[2m20:59:09[22m [36m[1m[vite][22m[39m [32mhmr update [39m[2m/src/pages/PortfolioLandingPage.tsx, /src/index.css[22m
[2m21:00:01[22m [36m[1m[vite][22m[39m [32mhmr update [39m[2m/src/pages/PortfolioLandingPage.tsx, /src/index.css[22m
[2m21:00:31[22m [36m[1m[vite][22m[39m [32mhmr update [39m[2m/src/pages/PortfolioLandingPage.tsx, /src/index.css[22m
[2m21:01:20[22m [36m[1m[vite][22m[39m [32mhmr update [39m[2m/src/pages/PortfolioLandingPage.tsx, /src/index.css[22m
[2m21:02:16[22m [36m[1m[vite][22m[39m [32mhmr update [39m[2m/src/pages/PortfolioLandingPage.tsx, /src/index.css[22m
[2m21:09:07[22m [36m[1m[vite][22m[39m [32mhmr update [39m[2m/src/pages/PortfolioLandingPage.tsx, /src/index.css[22m
[2m21:09:56[22m [36m[1m[vite][22m[39m [32mhmr update [39m[2m/src/pages/PortfolioLandingPage.tsx, /src/index.css[22m
[2m21:11:39[22m [36m[1m[vite][22m[39m [32mhmr update [39m[2m/src/pages/PortfolioLandingPage.tsx, /src/index.css[22m
[2m21:12:23[22m [36m[1m[vite][22m[39m [32mhmr update [39m[2m/src/pages/PortfolioLandingPage.tsx, /src/index.css[22m
[2m21:16:53[22m [36m[1m[vite][22m[39m [32mhmr update [39m[2m/src/pages/PortfolioLandingPage.tsx, /src/index.css[22m
[2m21:20:11[22m [36m[1m[vite][22m[39m [32mhmr update [39m[2m/src/pages/PortfolioLandingPage.tsx, /src/index.css[22m
[2m21:20:35[22m [36m[1m[vite][22m[39m [32mhmr update [39m[2m/src/pages/PortfolioLandingPage.tsx, /src/index.css[22m
[2m21:22:59[22m [36m[1m[vite][22m[39m [32mhmr update [39m[2m/src/pages/PortfolioLandingPage.tsx, /src/index.css[22m
[2m21:27:04[22m [36m[1m[vite][22m[39m [32mhmr update [39m[2m/src/pages/PortfolioLandingPage.tsx, /src/index.css[22m
[2m21:28:48[22m [36m[1m[vite][22m[39m [32mhmr update [39m[2m/src/pages/PortfolioLandingPage.tsx, /src/index.css[22m
[2m21:30:52[22m [36m[1m[vite][22m[39m [32mhmr update [39m[2m/src/pages/PortfolioLandingPage.tsx, /src/index.css[22m
[2m21:32:42[22m [36m[1m[vite][22m[39m [32mhmr update [39m[2m/src/App.tsx, /src/index.css[22m
[2m21:34:06[22m [36m[1m[vite][22m[39m [32mhmr update [39m[2m/src/pages/PortfolioLandingPage.tsx, /src/index.css[22m
[2m21:34:49[22m [36m[1m[vite][22m[39m [32mhmr update [39m[2m/src/pages/PortfolioLandingPage.tsx, /src/index.css[22m
[2m21:35:51[22m [36m[1m[vite][22m[39m [32mhmr update [39m[2m/src/pages/PortfolioLandingPage.tsx, /src/index.css[22m
[2m21:37:28[22m [36m[1m[vite][22m[39m [32mhmr update [39m[2m/src/pages/PortfolioLandingPage.tsx, /src/index.css[22m
[2m21:38:18[22m [36m[1m[vite][22m[39m [32mhmr update [39m[2m/src/pages/PortfolioLandingPage.tsx, /src/index.css[22m
[2m21:40:45[22m [36m[1m[vite][22m[39m [32mhmr update [39m[2m/src/index.css[22m
[2m21:41:44[22m [36m[1m[vite][22m[39m [32mhmr update [39m[2m/src/index.css[22m
[2m21:48:18[22m [36m[1m[vite][22m[39m [32mhmr update [39m[2m/src/pages/PortfolioLandingPage.tsx, /src/index.css[22m
[2m21:49:19[22m [36m[1m[vite][22m[39m [32mhmr update [39m[2m/src/pages/PortfolioLandingPage.tsx, /src/index.css[22m
[2m21:49:44[22m [36m[1m[vite][22m[39m [32mhmr update [39m[2m/src/pages/PortfolioLandingPage.tsx, /src/index.css[22m
[2m21:51:53[22m [36m[1m[vite][22m[39m [32mhmr update [39m[2m/src/pages/PortfolioLandingPage.tsx, /src/index.css[22m
[2m21:52:36[22m [36m[1m[vite][22m[39m [32mhmr update [39m[2m/src/pages/PortfolioLandingPage.tsx, /src/index.css[22m
[2m21:54:17[22m [36m[1m[vite][22m[39m [32mhmr update [39m[2m/src/pages/PortfolioLandingPage.tsx, /src/index.css[22m
[2m21:56:29[22m [36m[1m[vite][22m[39m [32mhmr update [39m[2m/src/pages/PortfolioLandingPage.tsx, /src/index.css[22m
[2m22:21:20[22m [36m[1m[vite][22m[39m [32mhmr update [39m[2m/src/pages/PortfolioLandingPage.tsx, /src/index.css[22m
[2m22:34:47[22m [36m[1m[vite][22m[39m [32mhmr update [39m[2m/src/pages/PortfolioLandingPage.tsx, /src/index.css[22m
[2m22:34:59[22m [36m[1m[vite][22m[39m [32mhmr update [39m[2m/src/pages/PortfolioLandingPage.tsx, /src/index.css[22m
[2m22:35:35[22m [36m[1m[vite][22m[39m [32mhmr update [39m[2m/src/pages/PortfolioLandingPage.tsx, /src/index.css[22m
[2m22:35:42[22m [36m[1m[vite][22m[39m [32mhmr update [39m[2m/src/components/ui/zoom-parallax.tsx, /src/index.css[22m
[2m22:38:07[22m [36m[1m[vite][22m[39m [32mhmr update [39m[2m/src/components/ui/zoom-parallax.tsx, /src/index.css[22m
[2m22:41:16[22m [36m[1m[vite][22m[39m [32mhmr update [39m[2m/src/components/ui/zoom-parallax.tsx, /src/index.css[22m
[2m22:50:43[22m [36m[1m[vite][22m[39m [32mhmr update [39m[2m/src/pages/PortfolioLandingPage.tsx, /src/index.css[22m
[2m22:52:06[22m [36m[1m[vite][22m[39m [32mhmr update [39m[2m/src/pages/PortfolioLandingPage.tsx, /src/index.css[22m
[2m23:02:20[22m [36m[1m[vite][22m[39m [32mhmr update [39m[2m/src/pages/PortfolioLandingPage.tsx, /src/index.css[22m
[2m23:05:08[22m [36m[1m[vite][22m[39m [32mhmr update [39m[2m/src/pages/PortfolioLandingPage.tsx, /src/index.css[22m
[2m23:06:42[22m [36m[1m[vite][22m[39m [32mhmr update [39m[2m/src/pages/PortfolioLandingPage.tsx, /src/index.css[22m
[2m23:07:19[22m [36m[1m[vite][22m[39m [32mhmr update [39m[2m/src/pages/PortfolioLandingPage.tsx, /src/index.css[22m
[2m23:15:47[22m [36m[1m[vite][22m[39m [32mhmr update [39m[2m/src/pages/PortfolioLandingPage.tsx, /src/index.css[22m
[2m23:23:19[22m [36m[1m[vite][22m[39m [32mhmr update [39m[2m/src/components/ui/zoom-parallax.tsx, /src/index.css[22m
[2m23:23:28[22m [36m[1m[vite][22m[39m [32mhmr update [39m[2m/src/pages/PortfolioLandingPage.tsx, /src/index.css[22m
[2m23:27:06[22m [36m[1m[vite][22m[39m [32mhmr update [39m[2m/src/pages/PortfolioLandingPage.tsx, /src/index.css[22m
[2m23:44:57[22m [36m[1m[vite][22m[39m [32mhmr update [39m[2m/src/pages/PortfolioLandingPage.tsx, /src/index.css[22m
[2m23:45:05[22m [36m[1m[vite][22m[39m [32mhmr update [39m[2m/src/pages/PortfolioLandingPage.tsx, /src/index.css[22m
[2m23:49:19[22m [36m[1m[vite][22m[39m [32mhmr update [39m[2m/src/pages/PortfolioLandingPage.tsx, /src/index.css[22m
[2m23:49:28[22m [36m[1m[vite][22m[39m [32mhmr update [39m[2m/src/pages/PortfolioLandingPage.tsx, /src/index.css[22m
[2m23:52:21[22m [36m[1m[vite][22m[39m [32mhmr update [39m[2m/src/pages/PortfolioLandingPage.tsx, /src/index.css[22m
[2m23:56:34[22m [36m[1m[vite][22m[39m [32mhmr update [39m[2m/src/pages/PortfolioLandingPage.tsx, /src/index.css[22m
[2m23:57:11[22m [36m[1m[vite][22m[39m [32mhmr update [39m[2m/src/pages/PortfolioLandingPage.tsx, /src/index.css[22m
[2m00:01:03[22m [36m[1m[vite][22m[39m [32mhmr update [39m[2m/src/pages/PortfolioLandingPage.tsx, /src/index.css[22m
[2m00:02:20[22m [36m[1m[vite][22m[39m [32mhmr update [39m[2m/src/pages/PortfolioLandingPage.tsx, /src/index.css[22m
[2m00:09:50[22m [36m[1m[vite][22m[39m [32mhmr update [39m[2m/src/pages/PortfolioLandingPage.tsx, /src/index.css[22m
[2m00:11:03[22m [36m[1m[vite][22m[39m [32mhmr update [39m[2m/src/pages/PortfolioLandingPage.tsx, /src/index.css[22m
[2m00:12:19[22m [36m[1m[vite][22m[39m [32mhmr update [39m[2m/src/pages/PortfolioLandingPage.tsx, /src/index.css[22m
[2m00:17:14[22m [36m[1m[vite][22m[39m [32mhmr update [39m[2m/src/components/Lanyard.tsx, /src/index.css[22m
[2m00:17:26[22m [36m[1m[vite][22m[39m [32mhmr update [39m[2m/src/pages/PortfolioLandingPage.tsx, /src/index.css[22m
[2m00:18:30[22m [36m[1m[vite][22m[39m [32mhmr update [39m[2m/src/components/Lanyard.tsx, /src/index.css[22m
[2m00:20:36[22m [36m[1m[vite][22m[39m [32mhmr update [39m[2m/src/pages/PortfolioLandingPage.tsx, /src/index.css[22m
[2m00:21:11[22m [36m[1m[vite][22m[39m [32mhmr update [39m[2m/src/pages/PortfolioLandingPage.tsx, /src/index.css[22m
[2m00:21:16[22m [36m[1m[vite][22m[39m [32mhmr update [39m[2m/src/pages/PortfolioLandingPage.tsx, /src/index.css[22m
[2m00:26:18[22m [36m[1m[vite][22m[39m [32mhmr update [39m[2m/src/pages/PortfolioLandingPage.tsx, /src/index.css[22m
[2m00:30:34[22m [36m[1m[vite][22m[39m [32mhmr update [39m[2m/src/pages/PortfolioLandingPage.tsx, /src/index.css[22m
[2m00:31:37[22m [36m[1m[vite][22m[39m [32mhmr update [39m[2m/src/pages/PortfolioLandingPage.tsx, /src/index.css[22m
[2m00:34:00[22m [36m[1m[vite][22m[39m [32mhmr update [39m[2m/src/pages/PortfolioLandingPage.tsx, /src/index.css[22m
[2m00:35:56[22m [36m[1m[vite][22m[39m [32mhmr update [39m[2m/src/pages/PortfolioLandingPage.tsx, /src/index.css[22m
[2m00:38:46[22m [36m[1m[vite][22m[39m [32mhmr update [39m[2m/src/pages/PortfolioLandingPage.tsx, /src/index.css[22m
[2m00:39:29[22m [36m[1m[vite][22m[39m [32mhmr update [39m[2m/src/pages/PortfolioLandingPage.tsx, /src/index.css[22m
[2m00:41:43[22m [36m[1m[vite][22m[39m [32mhmr update [39m[2m/src/pages/PortfolioLandingPage.tsx, /src/index.css[22m
[2m00:46:47[22m [36m[1m[vite][22m[39m [32mhmr update [39m[2m/src/pages/PortfolioLandingPage.tsx, /src/index.css[22m
[2m00:52:42[22m [36m[1m[vite][22m[39m [32mhmr update [39m[2m/src/pages/PortfolioLandingPage.tsx, /src/index.css[22m
[2m00:54:02[22m [36m[1m[vite][22m[39m [32mhmr update [39m[2m/src/pages/DestructionPage.tsx, /src/index.css[22m
[2m00:54:02[22m [36m[1m[vite][22m[39m [32mhmr update [39m[2m/src/pages/PortfolioLandingPage.tsx, /src/index.css[22m
[2m00:55:51[22m [36m[1m[vite][22m[39m [32mhmr update [39m[2m/src/pages/PortfolioLandingPage.tsx, /src/index.css[22m
[2m00:57:46[22m [36m[1m[vite][22m[39m [32mhmr update [39m[2m/src/pages/PortfolioLandingPage.tsx, /src/index.css[22m
[2m00:58:57[22m [36m[1m[vite][22m[39m [32mhmr update [39m[2m/src/pages/DestructionPage.tsx, /src/index.css[22m
[2m01:01:12[22m [36m[1m[vite][22m[39m [32mhmr update [39m[2m/src/pages/DestructionPage.tsx, /src/index.css[22m
[2m01:01:59[22m [36m[1m[vite][22m[39m [32mhmr update [39m[2m/src/pages/DestructionPage.tsx, /src/index.css[22m
[2m01:04:31[22m [36m[1m[vite][22m[39m [32mhmr update [39m[2m/src/pages/DestructionPage.tsx, /src/index.css[22m
[2m01:04:44[22m [36m[1m[vite][22m[39m [32mhmr update [39m[2m/src/pages/DestructionPage.tsx, /src/index.css[22m
[2m01:08:58[22m [36m[1m[vite][22m[39m [32mhmr update [39m[2m/src/pages/DestructionPage.tsx, /src/index.css[22m
[2m01:12:00[22m [36m[1m[vite][22m[39m [32mhmr update [39m[2m/src/pages/DestructionPage.tsx, /src/index.css[22m
[2m01:18:37[22m [36m[1m[vite][22m[39m [32mhmr update [39m[2m/src/pages/DestructionPage.tsx, /src/index.css[22m
[2m01:24:28[22m [36m[1m[vite][22m[39m [32mhmr update [39m[2m/src/pages/PortfolioLandingPage.tsx, /src/index.css[22m
[2m01:46:11[22m [36m[1m[vite][22m[39m [32mhmr update [39m[2m/src/pages/PortfolioLandingPage.tsx, /src/index.css[22m
[2m01:46:11[22m [36m[1m[vite][22m[39m [32mhmr update [39m[2m/src/App.tsx, /src/index.css[22m
[2m01:46:11[22m [36m[1m[vite][22m[39m [32mhmr update [39m[2m/src/pages/DestructionPage.tsx, /src/index.css[22m
[2m01:46:11[22m [36m[1m[vite][22m[39m [32mhmr update [39m[2m/src/pages/NotFoundPage.tsx, /src/index.css[22m
[2m01:46:11[22m [36m[1m[vite][22m[39m [32mhmr update [39m[2m/src/pages/PortfolioPage.tsx, /src/index.css[22m
